// Jest Snapshot v1, https://goo.gl/fbAQLP

exports[`TabList component tests TabList default props 1`] = `
<RCTFocusZone
  focusZoneDirection="horizontal"
  navigateAtEnd="NavigateStopAtEnds"
>
  <View
    accessibilityRole="tablist"
    accessibilityState={
      {
        "disabled": false,
      }
    }
    accessible={true}
    appearance="transparent"
    componentRef={
      {
        "current": null,
      }
    }
    size="medium"
    style={
      {
        "flexDirection": "row",
      }
    }
  >
    <View
      accessibilityActions={
        [
          {
            "name": "Select",
          },
        ]
      }
      accessibilityLabel="Tab 1"
      accessibilityPositionInSet={0}
      accessibilityRole="tab"
      accessibilitySetSize={0}
      accessibilityState={
        {
          "busy": undefined,
          "checked": undefined,
          "disabled": false,
          "expanded": undefined,
          "selected": false,
        }
      }
      accessibilityValue={
        {
          "max": undefined,
          "min": undefined,
          "now": undefined,
          "text": undefined,
        }
      }
      accessible={true}
      focusable={true}
      onAccessibilityAction={[Function]}
      onBlur={[Function]}
      onClick={[Function]}
      onFocus={[Function]}
      onKeyDown={[Function]}
      onKeyUp={[Function]}
      onMouseEnter={[Function]}
      onMouseLeave={[Function]}
      onResponderGrant={[Function]}
      onResponderMove={[Function]}
      onResponderRelease={[Function]}
      onResponderTerminate={[Function]}
      onResponderTerminationRequest={[Function]}
      onStartShouldSetResponder={[Function]}
      style={
        {
          "alignItems": "center",
          "alignSelf": "flex-start",
          "backgroundColor": "#00000000",
          "borderColor": "#00000000",
          "borderRadius": 4,
          "borderWidth": 2,
          "display": "flex",
          "flexDirection": "column",
          "justifyContent": "center",
          "padding": 1,
        }
      }
    >
      <View
        style={
          {
            "alignItems": "center",
            "alignSelf": "flex-start",
            "display": "flex",
            "flexDirection": "row",
            "justifyContent": "center",
            "marginHorizontal": 10,
            "marginVertical": 12,
          }
        }
      >
        <View
          style={
            {
              "flexDirection": "row",
              "paddingEnd": 2,
              "paddingStart": 2,
            }
          }
        >
          <Text
            accessible={false}
            ellipsizeMode="tail"
            numberOfLines={0}
            onAccessibilityTap={[Function]}
            style={
              {
                "color": "#424242",
                "fontFamily": "Segoe UI",
                "fontSize": 12,
                "fontWeight": "400",
                "margin": 0,
              }
            }
          >
            Tab 1
          </Text>
        </View>
      </View>
      <View
        color="#00000000"
        inset={12}
        style={
          {
            "backgroundColor": "#00000000",
            "height": 2,
            "paddingHorizontal": 12,
            "width": "100%",
          }
        }
        thickness={2}
        vertical={false}
      >
        <View
          style={
            {
              "backgroundColor": "#00000000",
              "borderRadius": 99,
              "flex": 1,
            }
          }
        />
      </View>
    </View>
  </View>
</RCTFocusZone>
`;
